  0000   DATA1 SEGMENT
  0000   11   MYBYTE DB 00011H
  0001   505A   MYWORD DW 505AH
  0003   30790100   MYDOUBLE DD 17930H
  0007   48 65 6C 6C 6F 20 77 6F 72 6C 64 21 MYSTRING DB "Hello world!"
  0013   DATA1 ENDS

  0000   CODE SEGMENT
  0000   10   LEN DB 10H
  0001   BEGIN :
  0001   FB STI
 12. ERROR	 PRIV EQU 0
 13. ERROR	 IF PRIV
  0002   26: FE 84 41 00000000 R INC ES : MYBYTE [ ECX + EAX * 2 ]
 	 ENDIF
  000A   23 C3 AND EAX , EBX
  000C   4B DEC EBX
  000D   2E: 0B 9C B9 00000000 R OR EBX , LEN [ ECX + EDI * 4 ]
  0015   39 9C C1 00000003 R CMP MYDOUBLE [ ECX + EAX * 8 ] , EBX
  001C   0F 85 0000002A R JNZ M1
  0022   80 84 41 00000000 R 04 ADD MYBYTE [ ECX + EAX * 2 ] , 4H
  002A   M1 :
  002A   B8 00004C00 MOV EAX , 4C00H
  002F   CODE ENDS
 	 END

  NAME		LENGTH
  DATA1		0013
  CODE		002F

  NAME		  TYPE		VALUE		ATTR
  MYBYTE	L BYTE		0000		DATA1
  MYWORD	L WORD		0001		DATA1
  MYDOUBLE	L DWORD		0003		DATA1
  MYSTRING	L BYTE		0007		DATA1
  LEN		L BYTE		0000		CODE
  BEGIN		L NEAR		0001		CODE
  M1		L NEAR		002A		CODE
